Starting End-to-End Load Test with 50 users...
Target: http://localhost:8000
Client ID: 00000000-0000-0000-0000-000000000001

--- Running Single User Debug Trace ---
[DEBUG] User 0 starting flow. Email: load_user_0_1767799281@example.com
[DEBUG] 1. Registering at http://localhost:8000/api/v1/auth/register/
[DEBUG]    -> Registered.
[DEBUG] 2. Initial Auth Request to http://localhost:8000/o/authorize/
[DEBUG]    -> Got CSRF Token.
[DEBUG] 3. Logging in at http://localhost:8000/o/authorize/?response_type=code&client_id=00000000-0000-0000-0000-000000000001&redirect_uri=http%3A%2F%2Flocalhost%3A8000%2Fcallback&scope=openid+email+profile&code_challenge=W0TWpi19FUYU-fwDiu1qBRrXWfPFbMv4slun5IS7nhs&code_challenge_method=S256
[DEBUG]    -> Login POST successful (or redirect followed).
[DEBUG] 4. Consent Page Detected. Approving...
[DEBUG]    -> Consent Approved.
[DEBUG] 5. Final URL after redirects: http://localhost:8000/callback?code=I04ooE3JK19uWoitmukgYwAZdiyiCom0
[DEBUG]    -> Captured Auth Code: I04ooE...
[DEBUG] 6. Exchanging token at http://localhost:8000/o/token/
DEBUG RUN FAILED: Token Exchange Failed: <!DOCTYPE html>
<html lang="en">
<head>
  <meta http-equiv="content-type" content="text/html; charset=utf-8">
  <meta name="robots" content="NONE,NOARCHIVE">
  <title>AttributeError
          at /o/token/</title>
  <style>
    html * { padding:0; margin:0; }
    body * { padding:10px 20px; }
    body * * { padding:0; }
    body { font-family: sans-serif; background-color:#fff; color:#000; }
    body > :where(header, main, footer) { border-bottom:1px solid #ddd; }
    h1 { font-weight:normal; }
    h2 { margin-bottom:.8em; }
    h3 { margin:1em 0 .5em 0; }
    h4 { margin:0 0 .5em 0; font-weight: normal; }
    code, pre { font-size: 100%; white-space: pre-wrap; word-break: break-word; }
    summary { cursor: pointer; }
    table { border:1px solid #ccc; border-collapse: collapse; width:100%; background:white; }
    tbody td, tbody th { vertical-align:top; padding:2px 3px; }
    thead th {
      padding:1px 6px 1px 3px; background:#fefefe; text-align:left;
      font-weight:normal; font-size: 0.6875rem; border:1px solid #ddd;
    }
    tbody th { width:12em; text-align:right; color:#666; padding-right:.5em; }
    table.vars { margin:5px 10px 2px 40px; width: auto; }
    table.vars td, table.req td { font-family:monospace; }
    table td.code { width:100%; }
    table td.code pre { overflow:hidden; }
    table.source th { color:#666; }
    table.source td { font-family:monospace; white-space:pre; border-bottom:1px solid #eee; }
    ul.traceback { list-style-type:none; color: #222; }
    ul.traceback li.cause { word-break: break-word; }
    ul.traceback li.frame { padding-bottom:1em; color:#4f4f4f; }
    ul.traceback li.user { background-color:#e0e0e0; color:#000 }
    div.context { padding:10px 0; overflow:hidden; }
    div.context ol { padding-left:30px; margin:0 10px; list-style-position: inside; }
    div.context ol li { font-family:monospace; white-space:pre; color:#777; cursor:pointer; padding-left: 2px; }
    div.context ol li pre { display:inline; }
    div.context ol.context-line li { color:#464646; background-color:#dfdfdf; padding: 3px 2px; }
    div.context ol.context-line li span { position:absolute; right:32px; }
    .user div.context ol.context-line li { background-color:#bbb; color:#000; }
    .user div.context ol li { color:#666; }
    div.commands, summary.commands { margin-left: 40px; }
    div.commands a, summary.commands { color:#555; text-decoration:none; }
    .user div.commands a { color: black; }
    #summary { background: #ffc; }
    #summary h2 { font-weight: normal; color: #666; }
    #info { padding: 0; }
    #info > * { padding:10px 20px; }
    #explanation { background:#eee; }
    #template, #template-not-exist { background:#f6f6f6; }
    #template-not-exist ul { margin: 0 0 10px 20px; }
    #template-not-exist .postmortem-section { margin-bottom: 3px; }
    #unicode-hint { background:#eee; }
    #traceback { background:#eee; }
    #requestinfo { background:#f6f6f6; padding-left:120px; }
    #summary table { border:none; background:transparent; }
    #requestinfo h2, #requestinfo h3 { position:relative; margin-left:-100px; }
    #requestinfo h3 { margin-bottom:-1em; }
    .error { background: #ffc; }
    .specific { color:#cc3300; font-weight:bold; }
    h2 span.commands { font-size: 0.7rem; font-weight:normal; }
    span.commands a:link {color:#5E5694;}
    pre.exception_value { font-family: sans-serif; color: #575757; font-size: 1.5rem; margin: 10px 0 10px 0; }
    .append-bottom { margin-bottom: 10px; }
    .fname { user-select: all; }
  </style>
  
  <script>
    function hideAll(elems) {
      for (var e = 0; e < elems.length; e++) {
        elems[e].style.display = 'none';
      }
    }
    window.onload = function() {
      hideAll(document.querySelectorAll('ol.pre-context'));
      hideAll(document.querySelectorAll('ol.post-context'));
      hideAll(document.querySelectorAll('div.pastebin'));
    }
    function toggle() {
      for (var i = 0; i < arguments.length; i++) {
        var e = document.getElementById(arguments[i]);
        if (e) {
          e.style.display = e.style.display == 'none' ? 'block': 'none';
        }
      }
      return false;
    }
    function switchPastebinFriendly(link) {
      s1 = "Switch to copy-and-paste view";
      s2 = "Switch back to interactive view";
      link.textContent = link.textContent.trim() == s1 ? s2: s1;
      toggle('browserTraceback', 'pastebinTraceback');
      return false;
    }
  </script>
  
</head>
<body>
<header id="summary">
  <h1>AttributeError
       at /o/token/</h1>
  <pre class="exception_value">&#x27;str&#x27; object has no attribute &#x27;get&#x27;</pre>
  <table class="meta">

    <tr>
      <th scope="row">Request Method:</th>
      <td>POST</td>
    </tr>
    <tr>
      <th scope="row">Request URL:</th>
      <td>http://localhost:8000/o/token/</td>
    </tr>

    <tr>
      <th scope="row">Django Version:</th>
      <td>5.2.1</td>
    </tr>

    <tr>
      <th scope="row">Exception Type:</th>
      <td>AttributeError</td>
    </tr>


    <tr>
      <th scope="row">Exception Value:</th>
      <td><pre>&#x27;str&#x27; object has no attribute &#x27;get&#x27;</pre></td>
    </tr>


    <tr>
      <th scope="row">Exception Location:</th>
      <td><span class="fname">/app/oidc/views.py</span>, line 232, in post</td>
    </tr>


    <tr>
      <th scope="row">Raised during:</th>
      <td>oidc.views.TokenView</td>
    </tr>

    <tr>
      <th scope="row">Python Executable:</th>
      <td>/usr/local/bin/python3.11</td>
    </tr>
    <tr>
      <th scope="row">Python Version:</th>
      <td>3.11.14</td>
    </tr>
    <tr>
      <th scope="row">Python Path:</th>
      <td><pre><code>[&#x27;/app&#x27;,
 &#x27;/usr/local/bin&#x27;,
 &#x27;/usr/local/lib/python311.zip&#x27;,
 &#x27;/usr/local/lib/python3.11&#x27;,
 &#x27;/usr/local/lib/python3.11/lib-dynload&#x27;,
 &#x27;/usr/local/lib/python3.11/site-packages&#x27;]</code></pre></td>
    </tr>
    <tr>
      <th scope="row">Server time:</th>
      <td>Wed, 07 Jan 2026 15:21:21 +0000</td>
    </tr>
  </table>
</header>

<main id="info">




<div id="traceback">
  <h2>Traceback <span class="commands"><a href="#" role="button" onclick="return switchPastebinFriendly(this);">
    Switch to copy-and-paste view</a></span>
  </h2>
  <div id="browserTraceback">
    <ul class="traceback">
      
        
        <li class="frame django">
          
            <code class="fname">/usr/local/lib/python3.11/site-packages/django/core/handlers/exception.py</code>, line 55, in inner
          

          
            <div class="context" id="c281472821704448">
              
                <ol start="48" class="pre-context" id="pre281472821704448">
                
                  <li onclick="toggle('pre281472821704448', 'post281472821704448')"><pre></pre></li>
                
                  <li onclick="toggle('pre281472821704448', 'post281472821704448')"><pre>        return inner</pre></li>
                
                  <li onclick="toggle('pre281472821704448', 'post281472821704448')"><pre>    else:</pre></li>
                
                  <li onclick="toggle('pre281472821704448', 'post281472821704448')"><pre></pre></li>
                
                  <li onclick="toggle('pre281472821704448', 'post281472821704448')"><pre>        @wraps(get_response)</pre></li>
                
                  <li onclick="toggle('pre281472821704448', 'post281472821704448')"><pre>        def inner(request):</pre></li>
                
                  <li onclick="toggle('pre281472821704448', 'post281472821704448')"><pre>            try:</pre></li>
                
                </ol>
              
              <ol start="55" class="context-line">
                <li onclick="toggle('pre281472821704448', 'post281472821704448')"><pre>                response = get_response(request)
                               ^^^^^^^^^^^^^^^^^^^^^</pre> <span>…</span></li>
              </ol>
              
                <ol start='56' class="post-context" id="post281472821704448">
                  
                  <li onclick="toggle('pre281472821704448', 'post281472821704448')"><pre>            except Exception as exc:</pre></li>
                  
                  <li onclick="toggle('pre281472821704448', 'post281472821704448')"><pre>                response = response_for_exception(request, exc)</pre></li>
                  
                  <li onclick="toggle('pre281472821704448', 'post281472821704448')"><pre>            return response</pre></li>
                  
                  <li onclick="toggle('pre281472821704448', 'post281472821704448')"><pre></pre></li>
                  
                  <li onclick="toggle('pre281472821704448', 'post281472821704448')"><pre>        return inner</pre></li>
                  
                  <li onclick="toggle('pre281472821704448', 'post281472821704448')"><pre></pre></li>
                  
              </ol>
              
            </div>
          

          
            
              <details>
                <summary class="commands">Local vars</summary>
            
            <table class="vars" id="v281472821704448">
              <thead>
                <tr>
                  <th scope="col">Variable</th>
                  <th scope="col">Value</th>
                </tr>
              </thead>
              <tbody>
                
                  <tr>
                    <td>exc</td>
                    <td class="code"><pre>AttributeError(&quot;&#x27;str&#x27; object has no attribute &#x27;get&#x27;&quot;)</pre></td>
                  </tr>
                
                  <tr>
                    <td>get_response</td>
                    <td class="code"><pre>&lt;bound method BaseHandler._get_response of &lt;django.core.handlers.wsgi.WSGIHandler object at 0xffff80f10450&gt;&gt;</pre></td>
                  </tr>
                
                  <tr>
                    <td>request</td>
                    <td class="code"><pre>&lt;WSGIRequest: POST &#x27;/o/token/&#x27;&gt;</pre></td>
                  </tr>
                
              </tbody>
            </table>
            </details>
          
        </li>
      
        
        <li class="frame django">
          
            <code class="fname">/usr/local/lib/python3.11/site-packages/django/core/handlers/base.py</code>, line 197, in _get_response
          

          
            <div class="context" id="c281472821695936">
              
                <ol start="190" class="pre-context" id="pre281472821695936">
                
                  <li onclick="toggle('pre281472821695936', 'post281472821695936')"><pre></pre></li>
                
                  <li onclick="toggle('pre281472821695936', 'post281472821695936')"><pre>        if response is None:</pre></li>
                
                  <li onclick="toggle('pre281472821695936', 'post281472821695936')"><pre>            wrapped_callback = self.make_view_atomic(callback)</pre></li>
                
                  <li onclick="toggle('pre281472821695936', 'post281472821695936')"><pre>            # If it is an asynchronous view, run it in a subthread.</pre></li>
                
                  <li onclick="toggle('pre281472821695936', 'post281472821695936')"><pre>            if iscoroutinefunction(wrapped_callback):</pre></li>
                
                  <li onclick="toggle('pre281472821695936', 'post281472821695936')"><pre>                wrapped_callback = async_to_sync(wrapped_callback)</pre></li>
                
                  <li onclick="toggle('pre281472821695936', 'post281472821695936')"><pre>            try:</pre></li>
                
                </ol>
              
              <ol start="197" class="context-line">
                <li onclick="toggle('pre281472821695936', 'post281472821695936')"><pre>                response = wrapped_callback(request, *callback_args, **callback_kwargs)
                                ^^^^^^^^^^^^^^^^^^^^^^^^^^^^^^^^^^^^^^^^^^^^^^^^^^^^^^^^^^^^</pre> <span>…</span></li>
              </ol>
              
                <ol start='198' class="post-context" id="post281472821695936">
                  
                  <li onclick="toggle('pre281472821695936', 'post281472821695936')"><pre>            except Exception as e:</pre></li>
                  
                  <li onclick="toggle('pre281472821695936', 'post281472821695936')"><pre>                response = self.process_exception_by_middleware(e, request)</pre></li>
                  
                  <li onclick="toggle('pre281472821695936', 'post281472821695936')"><pre>                if response is None:</pre></li>
                  
                  <li onclick="toggle('pre281472821695936', 'post281472821695936')"><pre>                    raise</pre></li>
                  
                  <li onclick="toggle('pre281472821695936', 'post281472821695936')"><pre></pre></li>
                  
                  <li onclick="toggle('pre281472821695936', 'post281472821695936')"><pre>        # Complain if the view returned None (a common error).</pre></li>
                  
              </ol>
              
            </div>
          

          
            
              <details>
                <summary class="commands">Local vars</summary>
            
            <table class="vars" id="v281472821695936">
              <thead>
                <tr>
                  <th scope="col">Variable</th>
                  <th scope="col">Value</th>
                </tr>
              </thead>
              <tbody>
                
                  <tr>
                    <td>callback</td>
                    <td class="code"><pre>&lt;function View.as_view.&lt;locals&gt;.view at 0xffff80a84b80&gt;</pre></td>
                  </tr>
                
                  <tr>
                    <td>callback_args</td>
                    <td class="code"><pre>()</pre></td>
                  </tr>
                
                  <tr>
                    <td>callback_kwargs</td>
                    <td class="code"><pre>{}</pre></td>
                  </tr>
                
                  <tr>
                    <td>middleware_method</td>
                    <td class="code"><pre>&lt;bound method CsrfViewMiddleware.process_view of &lt;CsrfViewMiddleware get_response=convert_exception_to_response.&lt;locals&gt;.inner&gt;&gt;</pre></td>
                  </tr>
                
                  <tr>
                    <td>request</td>
                    <td class="code"><pre>&lt;WSGIRequest: POST &#x27;/o/token/&#x27;&gt;</pre></td>
                  </tr>
                
                  <tr>
                    <td>response</td>
                    <td class="code"><pre>None</pre></td>
                  </tr>
                
                  <tr>
                    <td>self</td>
                    <td class="code"><pre>&lt;django.core.handlers.wsgi.WSGIHandler object at 0xffff80f10450&gt;</pre></td>
                  </tr>
                
                  <tr>
                    <td>wrapped_callback</td>
                    <td class="code"><pre>&lt;function View.as_view.&lt;locals&gt;.view at 0xffff80a84b80&gt;</pre></td>
                  </tr>
                
              </tbody>
            </table>
            </details>
          
        </li>
      
        
        <li class="frame django">
          
            <code class="fname">/usr/local/lib/python3.11/site-packages/django/views/generic/base.py</code>, line 104, in view
          

          
            <div class="context" id="c281472823333888">
              
                <ol start="97" class="pre-context" id="pre281472823333888">
                
                  <li onclick="toggle('pre281472823333888', 'post281472823333888')"><pre>            self = cls(**initkwargs)</pre></li>
                
                  <li onclick="toggle('pre281472823333888', 'post281472823333888')"><pre>            self.setup(request, *args, **kwargs)</pre></li>
                
                  <li onclick="toggle('pre281472823333888', 'post281472823333888')"><pre>            if not hasattr(self, &quot;request&quot;):</pre></li>
                
                  <li onclick="toggle('pre281472823333888', 'post281472823333888')"><pre>                raise AttributeError(</pre></li>
                
                  <li onclick="toggle('pre281472823333888', 'post281472823333888')"><pre>                    &quot;%s instance has no &#x27;request&#x27; attribute. Did you override &quot;</pre></li>
                
                  <li onclick="toggle('pre281472823333888', 'post281472823333888')"><pre>                    &quot;setup() and forget to call super()?&quot; % cls.__name__</pre></li>
                
                  <li onclick="toggle('pre281472823333888', 'post281472823333888')"><pre>                )</pre></li>
                
                </ol>
              
              <ol start="104" class="context-line">
                <li onclick="toggle('pre281472823333888', 'post281472823333888')"><pre>            return self.dispatch(request, *args, **kwargs)
                        ^^^^^^^^^^^^^^^^^^^^^^^^^^^^^^^^^^^^^^^</pre> <span>…</span></li>
              </ol>
              
                <ol start='105' class="post-context" id="post281472823333888">
                  
                  <li onclick="toggle('pre281472823333888', 'post281472823333888')"><pre></pre></li>
                  
                  <li onclick="toggle('pre281472823333888', 'post281472823333888')"><pre>        view.view_class = cls</pre></li>
                  
                  <li onclick="toggle('pre281472823333888', 'post281472823333888')"><pre>        view.view_initkwargs = initkwargs</pre></li>
                  
                  <li onclick="toggle('pre281472823333888', 'post281472823333888')"><pre></pre></li>
                  
                  <li onclick="toggle('pre281472823333888', 'post281472823333888')"><pre>        # __name__ and __qualname__ are intentionally left unchanged as</pre></li>
                  
                  <li onclick="toggle('pre281472823333888', 'post281472823333888')"><pre>        # view_class should be used to robustly determine the name of the view</pre></li>
                  
              </ol>
              
            </div>
          

          
            
              <details>
                <summary class="commands">Local vars</summary>
            
            <table class="vars" id="v281472823333888">
              <thead>
                <tr>
                  <th scope="col">Variable</th>
                  <th scope="col">Value</th>
                </tr>
              </thead>
              <tbody>
                
                  <tr>
                    <td>args</td>
                    <td class="code"><pre>()</pre></td>
                  </tr>
                
                  <tr>
                    <td>cls</td>
                    <td class="code"><pre>&lt;class &#x27;oidc.views.TokenView&#x27;&gt;</pre></td>
                  </tr>
                
                  <tr>
                    <td>initkwargs</td>
                    <td class="code"><pre>{}</pre></td>
                  </tr>
                
                  <tr>
                    <td>kwargs</td>
                    <td class="code"><pre>{}</pre></td>
                  </tr>
                
                  <tr>
                    <td>request</td>
                    <td class="code"><pre>&lt;WSGIRequest: POST &#x27;/o/token/&#x27;&gt;</pre></td>
                  </tr>
                
                  <tr>
                    <td>self</td>
                    <td class="code"><pre>&lt;oidc.views.TokenView object at 0xffff7fa63d10&gt;</pre></td>
                  </tr>
                
              </tbody>
            </table>
            </details>
          
        </li>
      
        
        <li class="frame django">
          
            <code class="fname">/usr/local/lib/python3.11/site-packages/django/utils/decorators.py</code>, line 48, in _wrapper
          

          
            <div class="context" id="c281472821691328">
              
                <ol start="41" class="pre-context" id="pre281472821691328">
                
                  <li onclick="toggle('pre281472821691328', 'post281472821691328')"><pre>        # bound_method has the signature that &#x27;decorator&#x27; expects i.e. no</pre></li>
                
                  <li onclick="toggle('pre281472821691328', 'post281472821691328')"><pre>        # &#x27;self&#x27; argument, but it&#x27;s a closure over self so it can call</pre></li>
                
                  <li onclick="toggle('pre281472821691328', 'post281472821691328')"><pre>        # &#x27;func&#x27;. Also, wrap method.__get__() in a function because new</pre></li>
                
                  <li onclick="toggle('pre281472821691328', 'post281472821691328')"><pre>        # attributes can&#x27;t be set on bound method objects, only on functions.</pre></li>
                
                  <li onclick="toggle('pre281472821691328', 'post281472821691328')"><pre>        bound_method = wraps(method)(partial(method.__get__(self, type(self))))</pre></li>
                
                  <li onclick="toggle('pre281472821691328', 'post281472821691328')"><pre>        for dec in decorators:</pre></li>
                
                  <li onclick="toggle('pre281472821691328', 'post281472821691328')"><pre>            bound_method = dec(bound_method)</pre></li>
                
                </ol>
              
              <ol start="48" class="context-line">
                <li onclick="toggle('pre281472821691328', 'post281472821691328')"><pre>        return bound_method(*args, **kwargs)
                   ^^^^^^^^^^^^^^^^^^^^^^^^^^^^^</pre> <span>…</span></li>
              </ol>
              
                <ol start='49' class="post-context" id="post281472821691328">
                  
                  <li onclick="toggle('pre281472821691328', 'post281472821691328')"><pre></pre></li>
                  
                  <li onclick="toggle('pre281472821691328', 'post281472821691328')"><pre>    # Copy any attributes that a decorator adds to the function it decorates.</pre></li>
                  
                  <li onclick="toggle('pre281472821691328', 'post281472821691328')"><pre>    for dec in decorators:</pre></li>
                  
                  <li onclick="toggle('pre281472821691328', 'post281472821691328')"><pre>        _update_method_wrapper(_wrapper, dec)</pre></li>
                  
                  <li onclick="toggle('pre281472821691328', 'post281472821691328')"><pre>    # Preserve any existing attributes of &#x27;method&#x27;, including the name.</pre></li>
                  
                  <li onclick="toggle('pre281472821691328', 'post281472821691328')"><pre>    update_wrapper(_wrapper, method)</pre></li>
                  
              </ol>
              
            </div>
          

          
            
              <details>
                <summary class="commands">Local vars</summary>
            
            <table class="vars" id="v281472821691328">
              <thead>
                <tr>
                  <th scope="col">Variable</th>
                  <th scope="col">Value</th>
                </tr>
              </thead>
              <tbody>
                
                  <tr>
                    <td>args</td>
                    <td class="code"><pre>(&lt;WSGIRequest: POST &#x27;/o/token/&#x27;&gt;,)</pre></td>
                  </tr>
                
                  <tr>
                    <td>bound_method</td>
                    <td class="code"><pre>&lt;function View.dispatch at 0xffff7fa40ae0&gt;</pre></td>
                  </tr>
                
                  <tr>
                    <td>dec</td>
                    <td class="code"><pre>&lt;function csrf_exempt at 0xffff8207d260&gt;</pre></td>
                  </tr>
                
                  <tr>
                    <td>decorators</td>
                    <td class="code"><pre>[&lt;function csrf_exempt at 0xffff8207d260&gt;]</pre></td>
                  </tr>
                
                  <tr>
                    <td>kwargs</td>
                    <td class="code"><pre>{}</pre></td>
                  </tr>
                
                  <tr>
                    <td>method</td>
                    <td class="code"><pre>&lt;function View.dispatch at 0xffff8227fe20&gt;</pre></td>
                  </tr>
                
                  <tr>
                    <td>self</td>
                    <td class="code"><pre>&lt;oidc.views.TokenView object at 0xffff7fa63d10&gt;</pre></td>
                  </tr>
                
              </tbody>
            </table>
            </details>
          
        </li>
      
        
        <li class="frame django">
          
            <code class="fname">/usr/local/lib/python3.11/site-packages/django/views/decorators/csrf.py</code>, line 65, in _view_wrapper
          

          
            <div class="context" id="c281472821697344">
              
                <ol start="58" class="pre-context" id="pre281472821697344">
                
                  <li onclick="toggle('pre281472821697344', 'post281472821697344')"><pre></pre></li>
                
                  <li onclick="toggle('pre281472821697344', 'post281472821697344')"><pre>        async def _view_wrapper(request, *args, **kwargs):</pre></li>
                
                  <li onclick="toggle('pre281472821697344', 'post281472821697344')"><pre>            return await view_func(request, *args, **kwargs)</pre></li>
                
                  <li onclick="toggle('pre281472821697344', 'post281472821697344')"><pre></pre></li>
                
                  <li onclick="toggle('pre281472821697344', 'post281472821697344')"><pre>    else:</pre></li>
                
                  <li onclick="toggle('pre281472821697344', 'post281472821697344')"><pre></pre></li>
                
                  <li onclick="toggle('pre281472821697344', 'post281472821697344')"><pre>        def _view_wrapper(request, *args, **kwargs):</pre></li>
                
                </ol>
              
              <ol start="65" class="context-line">
                <li onclick="toggle('pre281472821697344', 'post281472821697344')"><pre>            return view_func(request, *args, **kwargs)
                       ^^^^^^^^^^^^^^^^^^^^^^^^^^^^^^^^^^^</pre> <span>…</span></li>
              </ol>
              
                <ol start='66' class="post-context" id="post281472821697344">
                  
                  <li onclick="toggle('pre281472821697344', 'post281472821697344')"><pre></pre></li>
                  
                  <li onclick="toggle('pre281472821697344', 'post281472821697344')"><pre>    _view_wrapper.csrf_exempt = True</pre></li>
                  
                  <li onclick="toggle('pre281472821697344', 'post281472821697344')"><pre></pre></li>
                  
                  <li onclick="toggle('pre281472821697344', 'post281472821697344')"><pre>    return wraps(view_func)(_view_wrapper)</pre></li>
                  
              </ol>
              
            </div>
          

          
            
              <details>
                <summary class="commands">Local vars</summary>
            
            <table class="vars" id="v281472821697344">
              <thead>
                <tr>
                  <th scope="col">Variable</th>
                  <th scope="col">Value</th>
                </tr>
              </thead>
              <tbody>
                
                  <tr>
                    <td>args</td>
                    <td class="code"><pre>()</pre></td>
                  </tr>
                
                  <tr>
                    <td>kwargs</td>
                    <td class="code"><pre>{}</pre></td>
                  </tr>
                
                  <tr>
                    <td>request</td>
                    <td class="code"><pre>&lt;WSGIRequest: POST &#x27;/o/token/&#x27;&gt;</pre></td>
                  </tr>
                
                  <tr>
                    <td>view_func</td>
                    <td class="code"><pre>functools.partial(&lt;bound method View.dispatch of &lt;oidc.views.TokenView object at 0xffff7fa63d10&gt;&gt;)</pre></td>
                  </tr>
                
              </tbody>
            </table>
            </details>
          
        </li>
      
        
        <li class="frame django">
          
            <code class="fname">/usr/local/lib/python3.11/site-packages/django/views/generic/base.py</code>, line 143, in dispatch
          

          
            <div class="context" id="c281472821691712">
              
                <ol start="136" class="pre-context" id="pre281472821691712">
                
                  <li onclick="toggle('pre281472821691712', 'post281472821691712')"><pre>        # request method isn&#x27;t on the approved list.</pre></li>
                
                  <li onclick="toggle('pre281472821691712', 'post281472821691712')"><pre>        if request.method.lower() in self.http_method_names:</pre></li>
                
                  <li onclick="toggle('pre281472821691712', 'post281472821691712')"><pre>            handler = getattr(</pre></li>
                
                  <li onclick="toggle('pre281472821691712', 'post281472821691712')"><pre>                self, request.method.lower(), self.http_method_not_allowed</pre></li>
                
                  <li onclick="toggle('pre281472821691712', 'post281472821691712')"><pre>            )</pre></li>
                
                  <li onclick="toggle('pre281472821691712', 'post281472821691712')"><pre>        else:</pre></li>
                
                  <li onclick="toggle('pre281472821691712', 'post281472821691712')"><pre>            handler = self.http_method_not_allowed</pre></li>
                
                </ol>
              
              <ol start="143" class="context-line">
                <li onclick="toggle('pre281472821691712', 'post281472821691712')"><pre>        return handler(request, *args, **kwargs)
                    ^^^^^^^^^^^^^^^^^^^^^^^^^^^^^^^^^</pre> <span>…</span></li>
              </ol>
              
                <ol start='144' class="post-context" id="post281472821691712">
                  
                  <li onclick="toggle('pre281472821691712', 'post281472821691712')"><pre></pre></li>
                  
                  <li onclick="toggle('pre281472821691712', 'post281472821691712')"><pre>    def http_method_not_allowed(self, request, *args, **kwargs):</pre></li>
                  
                  <li onclick="toggle('pre281472821691712', 'post281472821691712')"><pre>        logger.warning(</pre></li>
                  
                  <li onclick="toggle('pre281472821691712', 'post281472821691712')"><pre>            &quot;Method Not Allowed (%s): %s&quot;,</pre></li>
                  
                  <li onclick="toggle('pre281472821691712', 'post281472821691712')"><pre>            request.method,</pre></li>
                  
                  <li onclick="toggle('pre281472821691712', 'post281472821691712')"><pre>            request.path,</pre></li>
                  
              </ol>
              
            </div>
          

          
            
              <details>
                <summary class="commands">Local vars</summary>
            
            <table class="vars" id="v281472821691712">
              <thead>
                <tr>
                  <th scope="col">Variable</th>
                  <th scope="col">Value</th>
                </tr>
              </thead>
              <tbody>
                
                  <tr>
                    <td>args</td>
                    <td class="code"><pre>()</pre></td>
                  </tr>
                
                  <tr>
                    <td>handler</td>
                    <td class="code"><pre>&lt;bound method TokenView.post of &lt;oidc.views.TokenView object at 0xffff7fa63d10&gt;&gt;</pre></td>
                  </tr>
                
                  <tr>
                    <td>kwargs</td>
                    <td class="code"><pre>{}</pre></td>
                  </tr>
                
                  <tr>
                    <td>request</td>
                    <td class="code"><pre>&lt;WSGIRequest: POST &#x27;/o/token/&#x27;&gt;</pre></td>
                  </tr>
                
                  <tr>
                    <td>self</td>
                    <td class="code"><pre>&lt;oidc.views.TokenView object at 0xffff7fa63d10&gt;</pre></td>
                  </tr>
                
              </tbody>
            </table>
            </details>
          
        </li>
      
        
        <li class="frame user">
          
            <code class="fname">/app/oidc/views.py</code>, line 232, in post
          

          
            <div class="context" id="c281472821702016">
              
                <ol start="225" class="pre-context" id="pre281472821702016">
                
                  <li onclick="toggle('pre281472821702016', 'post281472821702016')"><pre>            # Redis Validation</pre></li>
                
                  <li onclick="toggle('pre281472821702016', 'post281472821702016')"><pre>            key = f&quot;oauth_code:{code}&quot;</pre></li>
                
                  <li onclick="toggle('pre281472821702016', 'post281472821702016')"><pre>            data = cache.get(key)</pre></li>
                
                  <li onclick="toggle('pre281472821702016', 'post281472821702016')"><pre>        </pre></li>
                
                  <li onclick="toggle('pre281472821702016', 'post281472821702016')"><pre>            if not data:</pre></li>
                
                  <li onclick="toggle('pre281472821702016', 'post281472821702016')"><pre>                return JsonResponse({&#x27;error&#x27;: &#x27;invalid_grant&#x27;, &#x27;error_description&#x27;: &#x27;Invalid or expired code&#x27;}, status=400)</pre></li>
                
                  <li onclick="toggle('pre281472821702016', 'post281472821702016')"><pre>        </pre></li>
                
                </ol>
              
              <ol start="232" class="context-line">
                <li onclick="toggle('pre281472821702016', 'post281472821702016')"><pre>            if data.get(&#x27;client_id&#x27;) != str(client_id):
                    ^^^^^^^^</pre> <span>…</span></li>
              </ol>
              
                <ol start='233' class="post-context" id="post281472821702016">
                  
                  <li onclick="toggle('pre281472821702016', 'post281472821702016')"><pre>                return JsonResponse({&#x27;error&#x27;: &#x27;invalid_grant&#x27;, &#x27;error_description&#x27;: &#x27;Client mismatch&#x27;}, status=400)</pre></li>
                  
                  <li onclick="toggle('pre281472821702016', 'post281472821702016')"><pre>            </pre></li>
                  
                  <li onclick="toggle('pre281472821702016', 'post281472821702016')"><pre>            if data.get(&#x27;redirect_uri&#x27;) != redirect_uri:</pre></li>
                  
                  <li onclick="toggle('pre281472821702016', 'post281472821702016')"><pre>                return JsonResponse({&#x27;error&#x27;: &#x27;invalid_grant&#x27;, &#x27;error_description&#x27;: &#x27;Redirect URI mismatch&#x27;}, status=400)</pre></li>
                  
                  <li onclick="toggle('pre281472821702016', 'post281472821702016')"><pre></pre></li>
                  
                  <li onclick="toggle('pre281472821702016', 'post281472821702016')"><pre>            # PKCE Validation</pre></li>
                  
              </ol>
              
            </div>
          

          
            
              <details>
                <summary class="commands">Local vars</summary>
            
            <table class="vars" id="v281472821702016">
              <thead>
                <tr>
                  <th scope="col">Variable</th>
                  <th scope="col">Value</th>
                </tr>
              </thead>
              <tbody>
                
                  <tr>
                    <td>auth_header</td>
                    <td class="code"><pre>None</pre></td>
                  </tr>
                
                  <tr>
                    <td>client_id</td>
                    <td class="code"><pre>&#x27;00000000-0000-0000-0000-000000000001&#x27;</pre></td>
                  </tr>
                
                  <tr>
                    <td>client_secret</td>
                    <td class="code"><pre>&#x27;secret123&#x27;</pre></td>
                  </tr>
                
                  <tr>
                    <td>code</td>
                    <td class="code"><pre>&#x27;I04ooE3JK19uWoitmukgYwAZdiyiCom0&#x27;</pre></td>
                  </tr>
                
                  <tr>
                    <td>code_verifier</td>
                    <td class="code"><pre>&#x27;HUmKUk5Emkij04wk5XJjgyRvpXGCkpWMJpsnR4kJvoGmqAIj9t&#x27;</pre></td>
                  </tr>
                
                  <tr>
                    <td>data</td>
                    <td class="code"><pre>(&#x27;{&quot;client_id&quot;: &quot;00000000-0000-0000-0000-000000000001&quot;, &quot;user_id&quot;: &#x27;
 &#x27;&quot;5c747809-439f-4f76-b402-bce4a5f3e098&quot;, &quot;scope&quot;: [&quot;openid&quot;, &quot;profile&quot;, &#x27;
 &#x27;&quot;email&quot;], &quot;code_challenge&quot;: &quot;W0TWpi19FUYU-fwDiu1qBRrXWfPFbMv4slun5IS7nhs&quot;, &#x27;
 &#x27;&quot;code_challenge_method&quot;: &quot;S256&quot;, &quot;redirect_uri&quot;: &#x27;
 &#x27;&quot;http://localhost:8000/callback&quot;, &quot;nonce&quot;: &quot;&quot;}&#x27;)</pre></td>
                  </tr>
                
                  <tr>
                    <td>grant_type</td>
                    <td class="code"><pre>&#x27;authorization_code&#x27;</pre></td>
                  </tr>
                
                  <tr>
                    <td>key</td>
                    <td class="code"><pre>&#x27;oauth_code:I04ooE3JK19uWoitmukgYwAZdiyiCom0&#x27;</pre></td>
                  </tr>
                
                  <tr>
                    <td>redirect_uri</td>
                    <td class="code"><pre>&#x27;http://localhost:8000/callback&#x27;</pre></td>
                  </tr>
                
                  <tr>
                    <td>request</td>
                    <td class="code"><pre>&lt;WSGIRequest: POST &#x27;/o/token/&#x27;&gt;</pre></td>
                  </tr>
                
                  <tr>
                    <td>self</td>
                    <td class="code"><pre>&lt;oidc.views.TokenView object at 0xffff7fa63d10&gt;</pre></td>
                  </tr>
                
              </tbody>
            </table>
            </details>
          
        </li>
      
    </ul>
  </div>

  <form action="https://dpaste.com/" name="pasteform" id="pasteform" method="post">
  <div id="pastebinTraceback" class="pastebin">
    <input type="hidden" name="language" value="PythonConsole">
    <input type="hidden" name="title"
      value="AttributeError at /o/token/">
    <input type="hidden" name="source" value="Django Dpaste Agent">
    <input type="hidden" name="poster" value="Django">
    <textarea name="content" id="traceback_area" cols="140" rows="25">
Environment:


Request Method: POST
Request URL: http://localhost:8000/o/token/

Django Version: 5.2.1
Python Version: 3.11.14
Installed Applications:
[&#x27;django.contrib.admin&#x27;,
 &#x27;django.contrib.auth&#x27;,
 &#x27;django.contrib.contenttypes&#x27;,
 &#x27;django.contrib.sessions&#x27;,
 &#x27;django.contrib.messages&#x27;,
 &#x27;django.contrib.staticfiles&#x27;,
 &#x27;rest_framework&#x27;,
 &#x27;users&#x27;,
 &#x27;oidc&#x27;,
 &#x27;core&#x27;]
Installed Middleware:
[&#x27;django.middleware.security.SecurityMiddleware&#x27;,
 &#x27;django.contrib.sessions.middleware.SessionMiddleware&#x27;,
 &#x27;django.middleware.common.CommonMiddleware&#x27;,
 &#x27;django.middleware.csrf.CsrfViewMiddleware&#x27;,
 &#x27;django.contrib.auth.middleware.AuthenticationMiddleware&#x27;,
 &#x27;django.contrib.messages.middleware.MessageMiddleware&#x27;,
 &#x27;django.middleware.clickjacking.XFrameOptionsMiddleware&#x27;]



Traceback (most recent call last):
  File "/usr/local/lib/python3.11/site-packages/django/core/handlers/exception.py", line 55, in inner
    response = get_response(request)
               ^^^^^^^^^^^^^^^^^^^^^
  File "/usr/local/lib/python3.11/site-packages/django/core/handlers/base.py", line 197, in _get_response
    response = wrapped_callback(request, *callback_args, **callback_kwargs)
               ^^^^^^^^^^^^^^^^^^^^^^^^^^^^^^^^^^^^^^^^^^^^^^^^^^^^^^^^^^^^
  File "/usr/local/lib/python3.11/site-packages/django/views/generic/base.py", line 104, in view
    return self.dispatch(request, *args, **kwargs)
           ^^^^^^^^^^^^^^^^^^^^^^^^^^^^^^^^^^^^^^^
  File "/usr/local/lib/python3.11/site-packages/django/utils/decorators.py", line 48, in _wrapper
    return bound_method(*args, **kwargs)
           ^^^^^^^^^^^^^^^^^^^^^^^^^^^^^
  File "/usr/local/lib/python3.11/site-packages/django/views/decorators/csrf.py", line 65, in _view_wrapper
    return view_func(request, *args, **kwargs)
           ^^^^^^^^^^^^^^^^^^^^^^^^^^^^^^^^^^^
  File "/usr/local/lib/python3.11/site-packages/django/views/generic/base.py", line 143, in dispatch
    return handler(request, *args, **kwargs)
           ^^^^^^^^^^^^^^^^^^^^^^^^^^^^^^^^^
  File "/app/oidc/views.py", line 232, in post
    if data.get(&#x27;client_id&#x27;) != str(client_id):
       ^^^^^^^^

Exception Type: AttributeError at /o/token/
Exception Value: &#x27;str&#x27; object has no attribute &#x27;get&#x27;
</textarea>
  <br><br>
  <input type="submit" value="Share this traceback on a public website">
  </div>
</form>

</div>


<div id="requestinfo">
  <h2>Request information</h2>


  
    <h3 id="user-info">USER</h3>
    <p>load_user_0_1767799281@example.com</p>
  

  <h3 id="get-info">GET</h3>
  
    <p>No GET data</p>
  

  <h3 id="post-info">POST</h3>
  
    <table class="req">
      <thead>
        <tr>
          <th scope="col">Variable</th>
          <th scope="col">Value</th>
        </tr>
      </thead>
      <tbody>
        
          <tr>
            <td>grant_type</td>
            <td class="code"><pre>&#x27;authorization_code&#x27;</pre></td>
          </tr>
        
          <tr>
            <td>code</td>
            <td class="code"><pre>&#x27;I04ooE3JK19uWoitmukgYwAZdiyiCom0&#x27;</pre></td>
          </tr>
        
          <tr>
            <td>client_id</td>
            <td class="code"><pre>&#x27;00000000-0000-0000-0000-000000000001&#x27;</pre></td>
          </tr>
        
          <tr>
            <td>client_secret</td>
            <td class="code"><pre>&#x27;secret123&#x27;</pre></td>
          </tr>
        
          <tr>
            <td>redirect_uri</td>
            <td class="code"><pre>&#x27;http://localhost:8000/callback&#x27;</pre></td>
          </tr>
        
          <tr>
            <td>code_verifier</td>
            <td class="code"><pre>&#x27;HUmKUk5Emkij04wk5XJjgyRvpXGCkpWMJpsnR4kJvoGmqAIj9t&#x27;</pre></td>
          </tr>
        
      </tbody>
    </table>
  

  <h3 id="files-info">FILES</h3>
  
    <p>No FILES data</p>
  

  <h3 id="cookie-info">COOKIES</h3>
  
    <table class="req">
      <thead>
        <tr>
          <th scope="col">Variable</th>
          <th scope="col">Value</th>
        </tr>
      </thead>
      <tbody>
        
          <tr>
            <td>csrftoken</td>
            <td class="code"><pre>&#x27;********************&#x27;</pre></td>
          </tr>
        
          <tr>
            <td>sessionid</td>
            <td class="code"><pre>&#x27;********************&#x27;</pre></td>
          </tr>
        
      </tbody>
    </table>
  

  <h3 id="meta-info">META</h3>
  <table class="req">
    <thead>
      <tr>
        <th scope="col">Variable</th>
        <th scope="col">Value</th>
      </tr>
    </thead>
    <tbody>
      
        <tr>
          <td>CONTENT_LENGTH</td>
          <td class="code"><pre>&#x27;257&#x27;</pre></td>
        </tr>
      
        <tr>
          <td>CONTENT_TYPE</td>
          <td class="code"><pre>&#x27;application/x-www-form-urlencoded&#x27;</pre></td>
        </tr>
      
        <tr>
          <td>CSRF_COOKIE</td>
          <td class="code"><pre>&#x27;71NLwanDFzDMDE1tVQw2aMKK8BhxI958&#x27;</pre></td>
        </tr>
      
        <tr>
          <td>HTTP_ACCEPT</td>
          <td class="code"><pre>&#x27;*/*&#x27;</pre></td>
        </tr>
      
        <tr>
          <td>HTTP_ACCEPT_ENCODING</td>
          <td class="code"><pre>&#x27;gzip, deflate, zstd&#x27;</pre></td>
        </tr>
      
        <tr>
          <td>HTTP_CONNECTION</td>
          <td class="code"><pre>&#x27;keep-alive&#x27;</pre></td>
        </tr>
      
        <tr>
          <td>HTTP_COOKIE</td>
          <td class="code"><pre>&#x27;********************&#x27;</pre></td>
        </tr>
      
        <tr>
          <td>HTTP_HOST</td>
          <td class="code"><pre>&#x27;localhost:8000&#x27;</pre></td>
        </tr>
      
        <tr>
          <td>HTTP_USER_AGENT</td>
          <td class="code"><pre>&#x27;python-requests/2.32.5&#x27;</pre></td>
        </tr>
      
        <tr>
          <td>PATH_INFO</td>
          <td class="code"><pre>&#x27;/o/token/&#x27;</pre></td>
        </tr>
      
        <tr>
          <td>QUERY_STRING</td>
          <td class="code"><pre>&#x27;&#x27;</pre></td>
        </tr>
      
        <tr>
          <td>RAW_URI</td>
          <td class="code"><pre>&#x27;/o/token/&#x27;</pre></td>
        </tr>
      
        <tr>
          <td>REMOTE_ADDR</td>
          <td class="code"><pre>&#x27;167.82.56.223&#x27;</pre></td>
        </tr>
      
        <tr>
          <td>REMOTE_PORT</td>
          <td class="code"><pre>&#x27;46452&#x27;</pre></td>
        </tr>
      
        <tr>
          <td>REQUEST_METHOD</td>
          <td class="code"><pre>&#x27;POST&#x27;</pre></td>
        </tr>
      
        <tr>
          <td>SCRIPT_NAME</td>
          <td class="code"><pre>&#x27;&#x27;</pre></td>
        </tr>
      
        <tr>
          <td>SERVER_NAME</td>
          <td class="code"><pre>&#x27;0.0.0.0&#x27;</pre></td>
        </tr>
      
        <tr>
          <td>SERVER_PORT</td>
          <td class="code"><pre>&#x27;8000&#x27;</pre></td>
        </tr>
      
        <tr>
          <td>SERVER_PROTOCOL</td>
          <td class="code"><pre>&#x27;HTTP/1.1&#x27;</pre></td>
        </tr>
      
        <tr>
          <td>SERVER_SOFTWARE</td>
          <td class="code"><pre>&#x27;gunicorn/23.0.0&#x27;</pre></td>
        </tr>
      
        <tr>
          <td>gunicorn.socket</td>
          <td class="code"><pre>&lt;socket.socket fd=9, family=2, type=1, proto=0, laddr=(&#x27;172.21.0.4&#x27;, 8000), raddr=(&#x27;167.82.56.223&#x27;, 46452)&gt;</pre></td>
        </tr>
      
        <tr>
          <td>wsgi.errors</td>
          <td class="code"><pre>&lt;gunicorn.http.wsgi.WSGIErrorsWrapper object at 0xffff7fa539d0&gt;</pre></td>
        </tr>
      
        <tr>
          <td>wsgi.file_wrapper</td>
          <td class="code"><pre>&lt;class &#x27;gunicorn.http.wsgi.FileWrapper&#x27;&gt;</pre></td>
        </tr>
      
        <tr>
          <td>wsgi.input</td>
          <td class="code"><pre>&lt;gunicorn.http.body.Body object at 0xffff7fa639d0&gt;</pre></td>
        </tr>
      
        <tr>
          <td>wsgi.input_terminated</td>
          <td class="code"><pre>True</pre></td>
        </tr>
      
        <tr>
          <td>wsgi.multiprocess</td>
          <td class="code"><pre>False</pre></td>
        </tr>
      
        <tr>
          <td>wsgi.multithread</td>
          <td class="code"><pre>False</pre></td>
        </tr>
      
        <tr>
          <td>wsgi.run_once</td>
          <td class="code"><pre>False</pre></td>
        </tr>
      
        <tr>
          <td>wsgi.url_scheme</td>
          <td class="code"><pre>&#x27;http&#x27;</pre></td>
        </tr>
      
        <tr>
          <td>wsgi.version</td>
          <td class="code"><pre>(1, 0)</pre></td>
        </tr>
      
    </tbody>
  </table>


  <h3 id="settings-info">Settings</h3>
  <h4>Using settings module <code>core.settings</code></h4>
  <table class="req">
    <thead>
      <tr>
        <th scope="col">Setting</th>
        <th scope="col">Value</th>
      </tr>
    </thead>
    <tbody>
      
        <tr>
          <td>ABSOLUTE_URL_OVERRIDES</td>
          <td class="code"><pre>{}</pre></td>
        </tr>
      
        <tr>
          <td>ADMINS</td>
          <td class="code"><pre>[]</pre></td>
        </tr>
      
        <tr>
          <td>ALLOWED_HOSTS</td>
          <td class="code"><pre>[&#x27;*&#x27;]</pre></td>
        </tr>
      
        <tr>
          <td>APPEND_SLASH</td>
          <td class="code"><pre>True</pre></td>
        </tr>
      
        <tr>
          <td>AUTHENTICATION_BACKENDS</td>
          <td class="code"><pre>&#x27;********************&#x27;</pre></td>
        </tr>
      
        <tr>
          <td>AUTH_PASSWORD_VALIDATORS</td>
          <td class="code"><pre>&#x27;********************&#x27;</pre></td>
        </tr>
      
        <tr>
          <td>AUTH_USER_MODEL</td>
          <td class="code"><pre>&#x27;********************&#x27;</pre></td>
        </tr>
      
        <tr>
          <td>BASE_DIR</td>
          <td class="code"><pre>PosixPath(&#x27;/app&#x27;)</pre></td>
        </tr>
      
        <tr>
          <td>CACHES</td>
          <td class="code"><pre>{&#x27;default&#x27;: {&#x27;BACKEND&#x27;: &#x27;django_redis.cache.RedisCache&#x27;,
             &#x27;LOCATION&#x27;: &#x27;redis://redis:6379/1&#x27;,
             &#x27;OPTIONS&#x27;: {&#x27;CLIENT_CLASS&#x27;: &#x27;django_redis.client.DefaultClient&#x27;}}}</pre></td>
        </tr>
      
        <tr>
          <td>CACHE_MIDDLEWARE_ALIAS</td>
          <td class="code"><pre>&#x27;default&#x27;</pre></td>
        </tr>
      
        <tr>
          <td>CACHE_MIDDLEWARE_KEY_PREFIX</td>
          <td class="code"><pre>&#x27;********************&#x27;</pre></td>
        </tr>
      
        <tr>
          <td>CACHE_MIDDLEWARE_SECONDS</td>
          <td class="code"><pre>600</pre></td>
        </tr>
      
        <tr>
          <td>CSRF_COOKIE_AGE</td>
          <td class="code"><pre>31449600</pre></td>
        </tr>
      
        <tr>
          <td>CSRF_COOKIE_DOMAIN</td>
          <td class="code"><pre>None</pre></td>
        </tr>
      
        <tr>
          <td>CSRF_COOKIE_HTTPONLY</td>
          <td class="code"><pre>False</pre></td>
        </tr>
      
        <tr>
          <td>CSRF_COOKIE_NAME</td>
          <td class="code"><pre>&#x27;csrftoken&#x27;</pre></td>
        </tr>
      
        <tr>
          <td>CSRF_COOKIE_PATH</td>
          <td class="code"><pre>&#x27;/&#x27;</pre></td>
        </tr>
      
        <tr>
          <td>CSRF_COOKIE_SAMESITE</td>
          <td class="code"><pre>&#x27;Lax&#x27;</pre></td>
        </tr>
      
        <tr>
          <td>CSRF_COOKIE_SECURE</td>
          <td class="code"><pre>False</pre></td>
        </tr>
      
        <tr>
          <td>CSRF_FAILURE_VIEW</td>
          <td class="code"><pre>&#x27;django.views.csrf.csrf_failure&#x27;</pre></td>
        </tr>
      
        <tr>
          <td>CSRF_HEADER_NAME</td>
          <td class="code"><pre>&#x27;HTTP_X_CSRFTOKEN&#x27;</pre></td>
        </tr>
      
        <tr>
          <td>CSRF_TRUSTED_ORIGINS</td>
          <td class="code"><pre>[]</pre></td>
        </tr>
      
        <tr>
          <td>CSRF_USE_SESSIONS</td>
          <td class="code"><pre>False</pre></td>
        </tr>
      
        <tr>
          <td>DATABASES</td>
          <td class="code"><pre>{&#x27;default&#x27;: {&#x27;ATOMIC_REQUESTS&#x27;: False,
             &#x27;AUTOCOMMIT&#x27;: True,
             &#x27;CONN_HEALTH_CHECKS&#x27;: False,
             &#x27;CONN_MAX_AGE&#x27;: 0,
             &#x27;ENGINE&#x27;: &#x27;django.db.backends.postgresql&#x27;,
             &#x27;HOST&#x27;: &#x27;db&#x27;,
             &#x27;NAME&#x27;: &#x27;ioxet_iam&#x27;,
             &#x27;OPTIONS&#x27;: {},
             &#x27;PASSWORD&#x27;: &#x27;********************&#x27;,
             &#x27;PORT&#x27;: &#x27;5432&#x27;,
             &#x27;TEST&#x27;: {&#x27;CHARSET&#x27;: None,
                      &#x27;COLLATION&#x27;: None,
                      &#x27;MIGRATE&#x27;: True,
                      &#x27;MIRROR&#x27;: None,
                      &#x27;NAME&#x27;: None},
             &#x27;TIME_ZONE&#x27;: None,
             &#x27;USER&#x27;: &#x27;postgres&#x27;}}</pre></td>
        </tr>
      
        <tr>
          <td>DATABASE_ROUTERS</td>
          <td class="code"><pre>[]</pre></td>
        </tr>
      
        <tr>
          <td>DATA_UPLOAD_MAX_MEMORY_SIZE</td>
          <td class="code"><pre>2621440</pre></td>
        </tr>
      
        <tr>
          <td>DATA_UPLOAD_MAX_NUMBER_FIELDS</td>
          <td class="code"><pre>1000</pre></td>
        </tr>
      
        <tr>
          <td>DATA_UPLOAD_MAX_NUMBER_FILES</td>
          <td class="code"><pre>100</pre></td>
        </tr>
      
        <tr>
          <td>DATETIME_FORMAT</td>
          <td class="code"><pre>&#x27;N j, Y, P&#x27;</pre></td>
        </tr>
      
        <tr>
          <td>DATETIME_INPUT_FORMATS</td>
          <td class="code"><pre>[&#x27;%Y-%m-%d %H:%M:%S&#x27;,
 &#x27;%Y-%m-%d %H:%M:%S.%f&#x27;,
 &#x27;%Y-%m-%d %H:%M&#x27;,
 &#x27;%m/%d/%Y %H:%M:%S&#x27;,
 &#x27;%m/%d/%Y %H:%M:%S.%f&#x27;,
 &#x27;%m/%d/%Y %H:%M&#x27;,
 &#x27;%m/%d/%y %H:%M:%S&#x27;,
 &#x27;%m/%d/%y %H:%M:%S.%f&#x27;,
 &#x27;%m/%d/%y %H:%M&#x27;]</pre></td>
        </tr>
      
        <tr>
          <td>DATE_FORMAT</td>
          <td class="code"><pre>&#x27;N j, Y&#x27;</pre></td>
        </tr>
      
        <tr>
          <td>DATE_INPUT_FORMATS</td>
          <td class="code"><pre>[&#x27;%Y-%m-%d&#x27;,
 &#x27;%m/%d/%Y&#x27;,
 &#x27;%m/%d/%y&#x27;,
 &#x27;%b %d %Y&#x27;,
 &#x27;%b %d, %Y&#x27;,
 &#x27;%d %b %Y&#x27;,
 &#x27;%d %b, %Y&#x27;,
 &#x27;%B %d %Y&#x27;,
 &#x27;%B %d, %Y&#x27;,
 &#x27;%d %B %Y&#x27;,
 &#x27;%d %B, %Y&#x27;]</pre></td>
        </tr>
      
        <tr>
          <td>DEBUG</td>
          <td class="code"><pre>True</pre></td>
        </tr>
      
        <tr>
          <td>DEBUG_PROPAGATE_EXCEPTIONS</td>
          <td class="code"><pre>False</pre></td>
        </tr>
      
        <tr>
          <td>DECIMAL_SEPARATOR</td>
          <td class="code"><pre>&#x27;.&#x27;</pre></td>
        </tr>
      
        <tr>
          <td>DEFAULT_AUTO_FIELD</td>
          <td class="code"><pre>&#x27;django.db.models.AutoField&#x27;</pre></td>
        </tr>
      
        <tr>
          <td>DEFAULT_CHARSET</td>
          <td class="code"><pre>&#x27;utf-8&#x27;</pre></td>
        </tr>
      
        <tr>
          <td>DEFAULT_EXCEPTION_REPORTER</td>
          <td class="code"><pre>&#x27;django.views.debug.ExceptionReporter&#x27;</pre></td>
        </tr>
      
        <tr>
          <td>DEFAULT_EXCEPTION_REPORTER_FILTER</td>
          <td class="code"><pre>&#x27;django.views.debug.SafeExceptionReporterFilter&#x27;</pre></td>
        </tr>
      
        <tr>
          <td>DEFAULT_FROM_EMAIL</td>
          <td class="code"><pre>&#x27;webmaster@localhost&#x27;</pre></td>
        </tr>
      
        <tr>
          <td>DEFAULT_INDEX_TABLESPACE</td>
          <td class="code"><pre>&#x27;&#x27;</pre></td>
        </tr>
      
        <tr>
          <td>DEFAULT_TABLESPACE</td>
          <td class="code"><pre>&#x27;&#x27;</pre></td>
        </tr>
      
        <tr>
          <td>DISALLOWED_USER_AGENTS</td>
          <td class="code"><pre>[]</pre></td>
        </tr>
      
        <tr>
          <td>EMAIL_BACKEND</td>
          <td class="code"><pre>&#x27;django.core.mail.backends.smtp.EmailBackend&#x27;</pre></td>
        </tr>
      
        <tr>
          <td>EMAIL_HOST</td>
          <td class="code"><pre>&#x27;localhost&#x27;</pre></td>
        </tr>
      
        <tr>
          <td>EMAIL_HOST_PASSWORD</td>
          <td class="code"><pre>&#x27;********************&#x27;</pre></td>
        </tr>
      
        <tr>
          <td>EMAIL_HOST_USER</td>
          <td class="code"><pre>&#x27;&#x27;</pre></td>
        </tr>
      
        <tr>
          <td>EMAIL_PORT</td>
          <td class="code"><pre>25</pre></td>
        </tr>
      
        <tr>
          <td>EMAIL_SSL_CERTFILE</td>
          <td class="code"><pre>None</pre></td>
        </tr>
      
        <tr>
          <td>EMAIL_SSL_KEYFILE</td>
          <td class="code"><pre>&#x27;********************&#x27;</pre></td>
        </tr>
      
        <tr>
          <td>EMAIL_SUBJECT_PREFIX</td>
          <td class="code"><pre>&#x27;[Django] &#x27;</pre></td>
        </tr>
      
        <tr>
          <td>EMAIL_TIMEOUT</td>
          <td class="code"><pre>None</pre></td>
        </tr>
      
        <tr>
          <td>EMAIL_USE_LOCALTIME</td>
          <td class="code"><pre>False</pre></td>
        </tr>
      
        <tr>
          <td>EMAIL_USE_SSL</td>
          <td class="code"><pre>False</pre></td>
        </tr>
      
        <tr>
          <td>EMAIL_USE_TLS</td>
          <td class="code"><pre>False</pre></td>
        </tr>
      
        <tr>
          <td>FILE_UPLOAD_DIRECTORY_PERMISSIONS</td>
          <td class="code"><pre>None</pre></td>
        </tr>
      
        <tr>
          <td>FILE_UPLOAD_HANDLERS</td>
          <td class="code"><pre>[&#x27;django.core.files.uploadhandler.MemoryFileUploadHandler&#x27;,
 &#x27;django.core.files.uploadhandler.TemporaryFileUploadHandler&#x27;]</pre></td>
        </tr>
      
        <tr>
          <td>FILE_UPLOAD_MAX_MEMORY_SIZE</td>
          <td class="code"><pre>2621440</pre></td>
        </tr>
      
        <tr>
          <td>FILE_UPLOAD_PERMISSIONS</td>
          <td class="code"><pre>420</pre></td>
        </tr>
      
        <tr>
          <td>FILE_UPLOAD_TEMP_DIR</td>
          <td class="code"><pre>None</pre></td>
        </tr>
      
        <tr>
          <td>FIRST_DAY_OF_WEEK</td>
          <td class="code"><pre>0</pre></td>
        </tr>
      
        <tr>
          <td>FIXTURE_DIRS</td>
          <td class="code"><pre>[]</pre></td>
        </tr>
      
        <tr>
          <td>FORCE_SCRIPT_NAME</td>
          <td class="code"><pre>None</pre></td>
        </tr>
      
        <tr>
          <td>FORMAT_MODULE_PATH</td>
          <td class="code"><pre>None</pre></td>
        </tr>
      
        <tr>
          <td>FORMS_URLFIELD_ASSUME_HTTPS</td>
          <td class="code"><pre>False</pre></td>
        </tr>
      
        <tr>
          <td>FORM_RENDERER</td>
          <td class="code"><pre>&#x27;django.forms.renderers.DjangoTemplates&#x27;</pre></td>
        </tr>
      
        <tr>
          <td>IGNORABLE_404_URLS</td>
          <td class="code"><pre>[]</pre></td>
        </tr>
      
        <tr>
          <td>INSTALLED_APPS</td>
          <td class="code"><pre>[&#x27;django.contrib.admin&#x27;,
 &#x27;django.contrib.auth&#x27;,
 &#x27;django.contrib.contenttypes&#x27;,
 &#x27;django.contrib.sessions&#x27;,
 &#x27;django.contrib.messages&#x27;,
 &#x27;django.contrib.staticfiles&#x27;,
 &#x27;rest_framework&#x27;,
 &#x27;users&#x27;,
 &#x27;oidc&#x27;,
 &#x27;core&#x27;]</pre></td>
        </tr>
      
        <tr>
          <td>INTERNAL_IPS</td>
          <td class="code"><pre>[]</pre></td>
        </tr>
      
        <tr>
          <td>LANGUAGES</td>
          <td class="code"><pre>[(&#x27;af&#x27;, &#x27;Afrikaans&#x27;),
 (&#x27;ar&#x27;, &#x27;Arabic&#x27;),
 (&#x27;ar-dz&#x27;, &#x27;Algerian Arabic&#x27;),
 (&#x27;ast&#x27;, &#x27;Asturian&#x27;),
 (&#x27;az&#x27;, &#x27;Azerbaijani&#x27;),
 (&#x27;bg&#x27;, &#x27;Bulgarian&#x27;),
 (&#x27;be&#x27;, &#x27;Belarusian&#x27;),
 (&#x27;bn&#x27;, &#x27;Bengali&#x27;),
 (&#x27;br&#x27;, &#x27;Breton&#x27;),
 (&#x27;bs&#x27;, &#x27;Bosnian&#x27;),
 (&#x27;ca&#x27;, &#x27;Catalan&#x27;),
 (&#x27;ckb&#x27;, &#x27;Central Kurdish (Sorani)&#x27;),
 (&#x27;cs&#x27;, &#x27;Czech&#x27;),
 (&#x27;cy&#x27;, &#x27;Welsh&#x27;),
 (&#x27;da&#x27;, &#x27;Danish&#x27;),
 (&#x27;de&#x27;, &#x27;German&#x27;),
 (&#x27;dsb&#x27;, &#x27;Lower Sorbian&#x27;),
 (&#x27;el&#x27;, &#x27;Greek&#x27;),
 (&#x27;en&#x27;, &#x27;English&#x27;),
 (&#x27;en-au&#x27;, &#x27;Australian English&#x27;),
 (&#x27;en-gb&#x27;, &#x27;British English&#x27;),
 (&#x27;eo&#x27;, &#x27;Esperanto&#x27;),
 (&#x27;es&#x27;, &#x27;Spanish&#x27;),
 (&#x27;es-ar&#x27;, &#x27;Argentinian Spanish&#x27;),
 (&#x27;es-co&#x27;, &#x27;Colombian Spanish&#x27;),
 (&#x27;es-mx&#x27;, &#x27;Mexican Spanish&#x27;),
 (&#x27;es-ni&#x27;, &#x27;Nicaraguan Spanish&#x27;),
 (&#x27;es-ve&#x27;, &#x27;Venezuelan Spanish&#x27;),
 (&#x27;et&#x27;, &#x27;Estonian&#x27;),
 (&#x27;eu&#x27;, &#x27;Basque&#x27;),
 (&#x27;fa&#x27;, &#x27;Persian&#x27;),
 (&#x27;fi&#x27;, &#x27;Finnish&#x27;),
 (&#x27;fr&#x27;, &#x27;French&#x27;),
 (&#x27;fy&#x27;, &#x27;Frisian&#x27;),
 (&#x27;ga&#x27;, &#x27;Irish&#x27;),
 (&#x27;gd&#x27;, &#x27;Scottish Gaelic&#x27;),
 (&#x27;gl&#x27;, &#x27;Galician&#x27;),
 (&#x27;he&#x27;, &#x27;Hebrew&#x27;),
 (&#x27;hi&#x27;, &#x27;Hindi&#x27;),
 (&#x27;hr&#x27;, &#x27;Croatian&#x27;),
 (&#x27;hsb&#x27;, &#x27;Upper Sorbian&#x27;),
 (&#x27;hu&#x27;, &#x27;Hungarian&#x27;),
 (&#x27;hy&#x27;, &#x27;Armenian&#x27;),
 (&#x27;ia&#x27;, &#x27;Interlingua&#x27;),
 (&#x27;id&#x27;, &#x27;Indonesian&#x27;),
 (&#x27;ig&#x27;, &#x27;Igbo&#x27;),
 (&#x27;io&#x27;, &#x27;Ido&#x27;),
 (&#x27;is&#x27;, &#x27;Icelandic&#x27;),
 (&#x27;it&#x27;, &#x27;Italian&#x27;),
 (&#x27;ja&#x27;, &#x27;Japanese&#x27;),
 (&#x27;ka&#x27;, &#x27;Georgian&#x27;),
 (&#x27;kab&#x27;, &#x27;Kabyle&#x27;),
 (&#x27;kk&#x27;, &#x27;Kazakh&#x27;),
 (&#x27;km&#x27;, &#x27;Khmer&#x27;),
 (&#x27;kn&#x27;, &#x27;Kannada&#x27;),
 (&#x27;ko&#x27;, &#x27;Korean&#x27;),
 (&#x27;ky&#x27;, &#x27;Kyrgyz&#x27;),
 (&#x27;lb&#x27;, &#x27;Luxembourgish&#x27;),
 (&#x27;lt&#x27;, &#x27;Lithuanian&#x27;),
 (&#x27;lv&#x27;, &#x27;Latvian&#x27;),
 (&#x27;mk&#x27;, &#x27;Macedonian&#x27;),
 (&#x27;ml&#x27;, &#x27;Malayalam&#x27;),
 (&#x27;mn&#x27;, &#x27;Mongolian&#x27;),
 (&#x27;mr&#x27;, &#x27;Marathi&#x27;),
 (&#x27;ms&#x27;, &#x27;Malay&#x27;),
 (&#x27;my&#x27;, &#x27;Burmese&#x27;),
 (&#x27;nb&#x27;, &#x27;Norwegian Bokmål&#x27;),
 (&#x27;ne&#x27;, &#x27;Nepali&#x27;),
 (&#x27;nl&#x27;, &#x27;Dutch&#x27;),
 (&#x27;nn&#x27;, &#x27;Norwegian Nynorsk&#x27;),
 (&#x27;os&#x27;, &#x27;Ossetic&#x27;),
 (&#x27;pa&#x27;, &#x27;Punjabi&#x27;),
 (&#x27;pl&#x27;, &#x27;Polish&#x27;),
 (&#x27;pt&#x27;, &#x27;Portuguese&#x27;),
 (&#x27;pt-br&#x27;, &#x27;Brazilian Portuguese&#x27;),
 (&#x27;ro&#x27;, &#x27;Romanian&#x27;),
 (&#x27;ru&#x27;, &#x27;Russian&#x27;),
 (&#x27;sk&#x27;, &#x27;Slovak&#x27;),
 (&#x27;sl&#x27;, &#x27;Slovenian&#x27;),
 (&#x27;sq&#x27;, &#x27;Albanian&#x27;),
 (&#x27;sr&#x27;, &#x27;Serbian&#x27;),
 (&#x27;sr-latn&#x27;, &#x27;Serbian Latin&#x27;),
 (&#x27;sv&#x27;, &#x27;Swedish&#x27;),
 (&#x27;sw&#x27;, &#x27;Swahili&#x27;),
 (&#x27;ta&#x27;, &#x27;Tamil&#x27;),
 (&#x27;te&#x27;, &#x27;Telugu&#x27;),
 (&#x27;tg&#x27;, &#x27;Tajik&#x27;),
 (&#x27;th&#x27;, &#x27;Thai&#x27;),
 (&#x27;tk&#x27;, &#x27;Turkmen&#x27;),
 (&#x27;tr&#x27;, &#x27;Turkish&#x27;),
 (&#x27;tt&#x27;, &#x27;Tatar&#x27;),
 (&#x27;udm&#x27;, &#x27;Udmurt&#x27;),
 (&#x27;ug&#x27;, &#x27;Uyghur&#x27;),
 (&#x27;uk&#x27;, &#x27;Ukrainian&#x27;),
 (&#x27;ur&#x27;, &#x27;Urdu&#x27;),
 (&#x27;uz&#x27;, &#x27;Uzbek&#x27;),
 (&#x27;vi&#x27;, &#x27;Vietnamese&#x27;),
 (&#x27;zh-hans&#x27;, &#x27;Simplified Chinese&#x27;),
 (&#x27;zh-hant&#x27;, &#x27;Traditional Chinese&#x27;)]</pre></td>
        </tr>
      
        <tr>
          <td>LANGUAGES_BIDI</td>
          <td class="code"><pre>[&#x27;he&#x27;, &#x27;ar&#x27;, &#x27;ar-dz&#x27;, &#x27;ckb&#x27;, &#x27;fa&#x27;, &#x27;ug&#x27;, &#x27;ur&#x27;]</pre></td>
        </tr>
      
        <tr>
          <td>LANGUAGE_CODE</td>
          <td class="code"><pre>&#x27;en-us&#x27;</pre></td>
        </tr>
      
        <tr>
          <td>LANGUAGE_COOKIE_AGE</td>
          <td class="code"><pre>None</pre></td>
        </tr>
      
        <tr>
          <td>LANGUAGE_COOKIE_DOMAIN</td>
          <td class="code"><pre>None</pre></td>
        </tr>
      
        <tr>
          <td>LANGUAGE_COOKIE_HTTPONLY</td>
          <td class="code"><pre>False</pre></td>
        </tr>
      
        <tr>
          <td>LANGUAGE_COOKIE_NAME</td>
          <td class="code"><pre>&#x27;django_language&#x27;</pre></td>
        </tr>
      
        <tr>
          <td>LANGUAGE_COOKIE_PATH</td>
          <td class="code"><pre>&#x27;/&#x27;</pre></td>
        </tr>
      
        <tr>
          <td>LANGUAGE_COOKIE_SAMESITE</td>
          <td class="code"><pre>None</pre></td>
        </tr>
      
        <tr>
          <td>LANGUAGE_COOKIE_SECURE</td>
          <td class="code"><pre>False</pre></td>
        </tr>
      
        <tr>
          <td>LOCALE_PATHS</td>
          <td class="code"><pre>[]</pre></td>
        </tr>
      
        <tr>
          <td>LOGGING</td>
          <td class="code"><pre>{}</pre></td>
        </tr>
      
        <tr>
          <td>LOGGING_CONFIG</td>
          <td class="code"><pre>&#x27;logging.config.dictConfig&#x27;</pre></td>
        </tr>
      
        <tr>
          <td>LOGIN_REDIRECT_URL</td>
          <td class="code"><pre>&#x27;/accounts/profile/&#x27;</pre></td>
        </tr>
      
        <tr>
          <td>LOGIN_URL</td>
          <td class="code"><pre>&#x27;/accounts/login/&#x27;</pre></td>
        </tr>
      
        <tr>
          <td>LOGOUT_REDIRECT_URL</td>
          <td class="code"><pre>None</pre></td>
        </tr>
      
        <tr>
          <td>MANAGERS</td>
          <td class="code"><pre>[]</pre></td>
        </tr>
      
        <tr>
          <td>MEDIA_ROOT</td>
          <td class="code"><pre>&#x27;&#x27;</pre></td>
        </tr>
      
        <tr>
          <td>MEDIA_URL</td>
          <td class="code"><pre>&#x27;/&#x27;</pre></td>
        </tr>
      
        <tr>
          <td>MESSAGE_STORAGE</td>
          <td class="code"><pre>&#x27;django.contrib.messages.storage.fallback.FallbackStorage&#x27;</pre></td>
        </tr>
      
        <tr>
          <td>MIDDLEWARE</td>
          <td class="code"><pre>[&#x27;django.middleware.security.SecurityMiddleware&#x27;,
 &#x27;django.contrib.sessions.middleware.SessionMiddleware&#x27;,
 &#x27;django.middleware.common.CommonMiddleware&#x27;,
 &#x27;django.middleware.csrf.CsrfViewMiddleware&#x27;,
 &#x27;django.contrib.auth.middleware.AuthenticationMiddleware&#x27;,
 &#x27;django.contrib.messages.middleware.MessageMiddleware&#x27;,
 &#x27;django.middleware.clickjacking.XFrameOptionsMiddleware&#x27;]</pre></td>
        </tr>
      
        <tr>
          <td>MIGRATION_MODULES</td>
          <td class="code"><pre>{}</pre></td>
        </tr>
      
        <tr>
          <td>MONTH_DAY_FORMAT</td>
          <td class="code"><pre>&#x27;F j&#x27;</pre></td>
        </tr>
      
        <tr>
          <td>NUMBER_GROUPING</td>
          <td class="code"><pre>0</pre></td>
        </tr>
      
        <tr>
          <td>PASSWORD_HASHERS</td>
          <td class="code"><pre>&#x27;********************&#x27;</pre></td>
        </tr>
      
        <tr>
          <td>PASSWORD_RESET_TIMEOUT</td>
          <td class="code"><pre>&#x27;********************&#x27;</pre></td>
        </tr>
      
        <tr>
          <td>PREPEND_WWW</td>
          <td class="code"><pre>False</pre></td>
        </tr>
      
        <tr>
          <td>ROOT_URLCONF</td>
          <td class="code"><pre>&#x27;core.urls&#x27;</pre></td>
        </tr>
      
        <tr>
          <td>SECRET_KEY</td>
          <td class="code"><pre>&#x27;********************&#x27;</pre></td>
        </tr>
      
        <tr>
          <td>SECRET_KEY_FALLBACKS</td>
          <td class="code"><pre>&#x27;********************&#x27;</pre></td>
        </tr>
      
        <tr>
          <td>SECURE_CONTENT_TYPE_NOSNIFF</td>
          <td class="code"><pre>True</pre></td>
        </tr>
      
        <tr>
          <td>SECURE_CROSS_ORIGIN_OPENER_POLICY</td>
          <td class="code"><pre>&#x27;same-origin&#x27;</pre></td>
        </tr>
      
        <tr>
          <td>SECURE_HSTS_INCLUDE_SUBDOMAINS</td>
          <td class="code"><pre>False</pre></td>
        </tr>
      
        <tr>
          <td>SECURE_HSTS_PRELOAD</td>
          <td class="code"><pre>False</pre></td>
        </tr>
      
        <tr>
          <td>SECURE_HSTS_SECONDS</td>
          <td class="code"><pre>0</pre></td>
        </tr>
      
        <tr>
          <td>SECURE_PROXY_SSL_HEADER</td>
          <td class="code"><pre>None</pre></td>
        </tr>
      
        <tr>
          <td>SECURE_REDIRECT_EXEMPT</td>
          <td class="code"><pre>[]</pre></td>
        </tr>
      
        <tr>
          <td>SECURE_REFERRER_POLICY</td>
          <td class="code"><pre>&#x27;same-origin&#x27;</pre></td>
        </tr>
      
        <tr>
          <td>SECURE_SSL_HOST</td>
          <td class="code"><pre>None</pre></td>
        </tr>
      
        <tr>
          <td>SECURE_SSL_REDIRECT</td>
          <td class="code"><pre>False</pre></td>
        </tr>
      
        <tr>
          <td>SERVER_EMAIL</td>
          <td class="code"><pre>&#x27;root@localhost&#x27;</pre></td>
        </tr>
      
        <tr>
          <td>SESSION_CACHE_ALIAS</td>
          <td class="code"><pre>&#x27;default&#x27;</pre></td>
        </tr>
      
        <tr>
          <td>SESSION_COOKIE_AGE</td>
          <td class="code"><pre>1209600</pre></td>
        </tr>
      
        <tr>
          <td>SESSION_COOKIE_DOMAIN</td>
          <td class="code"><pre>None</pre></td>
        </tr>
      
        <tr>
          <td>SESSION_COOKIE_HTTPONLY</td>
          <td class="code"><pre>True</pre></td>
        </tr>
      
        <tr>
          <td>SESSION_COOKIE_NAME</td>
          <td class="code"><pre>&#x27;sessionid&#x27;</pre></td>
        </tr>
      
        <tr>
          <td>SESSION_COOKIE_PATH</td>
          <td class="code"><pre>&#x27;/&#x27;</pre></td>
        </tr>
      
        <tr>
          <td>SESSION_COOKIE_SAMESITE</td>
          <td class="code"><pre>&#x27;Lax&#x27;</pre></td>
        </tr>
      
        <tr>
          <td>SESSION_COOKIE_SECURE</td>
          <td class="code"><pre>False</pre></td>
        </tr>
      
        <tr>
          <td>SESSION_ENGINE</td>
          <td class="code"><pre>&#x27;django.contrib.sessions.backends.db&#x27;</pre></td>
        </tr>
      
        <tr>
          <td>SESSION_EXPIRE_AT_BROWSER_CLOSE</td>
          <td class="code"><pre>False</pre></td>
        </tr>
      
        <tr>
          <td>SESSION_FILE_PATH</td>
          <td class="code"><pre>None</pre></td>
        </tr>
      
        <tr>
          <td>SESSION_SAVE_EVERY_REQUEST</td>
          <td class="code"><pre>False</pre></td>
        </tr>
      
        <tr>
          <td>SESSION_SERIALIZER</td>
          <td class="code"><pre>&#x27;django.contrib.sessions.serializers.JSONSerializer&#x27;</pre></td>
        </tr>
      
        <tr>
          <td>SETTINGS_MODULE</td>
          <td class="code"><pre>&#x27;core.settings&#x27;</pre></td>
        </tr>
      
        <tr>
          <td>SHORT_DATETIME_FORMAT</td>
          <td class="code"><pre>&#x27;m/d/Y P&#x27;</pre></td>
        </tr>
      
        <tr>
          <td>SHORT_DATE_FORMAT</td>
          <td class="code"><pre>&#x27;m/d/Y&#x27;</pre></td>
        </tr>
      
        <tr>
          <td>SIGNING_BACKEND</td>
          <td class="code"><pre>&#x27;django.core.signing.TimestampSigner&#x27;</pre></td>
        </tr>
      
        <tr>
          <td>SILENCED_SYSTEM_CHECKS</td>
          <td class="code"><pre>[]</pre></td>
        </tr>
      
        <tr>
          <td>STATICFILES_DIRS</td>
          <td class="code"><pre>[]</pre></td>
        </tr>
      
        <tr>
          <td>STATICFILES_FINDERS</td>
          <td class="code"><pre>[&#x27;django.contrib.staticfiles.finders.FileSystemFinder&#x27;,
 &#x27;django.contrib.staticfiles.finders.AppDirectoriesFinder&#x27;]</pre></td>
        </tr>
      
        <tr>
          <td>STATIC_ROOT</td>
          <td class="code"><pre>None</pre></td>
        </tr>
      
        <tr>
          <td>STATIC_URL</td>
          <td class="code"><pre>&#x27;/static/&#x27;</pre></td>
        </tr>
      
        <tr>
          <td>STORAGES</td>
          <td class="code"><pre>{&#x27;default&#x27;: {&#x27;BACKEND&#x27;: &#x27;django.core.files.storage.FileSystemStorage&#x27;},
 &#x27;staticfiles&#x27;: {&#x27;BACKEND&#x27;: &#x27;django.contrib.staticfiles.storage.StaticFilesStorage&#x27;}}</pre></td>
        </tr>
      
        <tr>
          <td>TEMPLATES</td>
          <td class="code"><pre>[{&#x27;APP_DIRS&#x27;: True,
  &#x27;BACKEND&#x27;: &#x27;django.template.backends.django.DjangoTemplates&#x27;,
  &#x27;DIRS&#x27;: [PosixPath(&#x27;/app/templates&#x27;)],
  &#x27;OPTIONS&#x27;: {&#x27;context_processors&#x27;: [&#x27;django.template.context_processors.request&#x27;,
                                     &#x27;django.contrib.auth.context_processors.auth&#x27;,
                                     &#x27;django.contrib.messages.context_processors.messages&#x27;]}}]</pre></td>
        </tr>
      
        <tr>
          <td>TEST_NON_SERIALIZED_APPS</td>
          <td class="code"><pre>[]</pre></td>
        </tr>
      
        <tr>
          <td>TEST_RUNNER</td>
          <td class="code"><pre>&#x27;django.test.runner.DiscoverRunner&#x27;</pre></td>
        </tr>
      
        <tr>
          <td>THOUSAND_SEPARATOR</td>
          <td class="code"><pre>&#x27;,&#x27;</pre></td>
        </tr>
      
        <tr>
          <td>TIME_FORMAT</td>
          <td class="code"><pre>&#x27;P&#x27;</pre></td>
        </tr>
      
        <tr>
          <td>TIME_INPUT_FORMATS</td>
          <td class="code"><pre>[&#x27;%H:%M:%S&#x27;, &#x27;%H:%M:%S.%f&#x27;, &#x27;%H:%M&#x27;]</pre></td>
        </tr>
      
        <tr>
          <td>TIME_ZONE</td>
          <td class="code"><pre>&#x27;UTC&#x27;</pre></td>
        </tr>
      
        <tr>
          <td>USE_I18N</td>
          <td class="code"><pre>True</pre></td>
        </tr>
      
        <tr>
          <td>USE_THOUSAND_SEPARATOR</td>
          <td class="code"><pre>False</pre></td>
        </tr>
      
        <tr>
          <td>USE_TZ</td>
          <td class="code"><pre>True</pre></td>
        </tr>
      
        <tr>
          <td>USE_X_FORWARDED_HOST</td>
          <td class="code"><pre>False</pre></td>
        </tr>
      
        <tr>
          <td>USE_X_FORWARDED_PORT</td>
          <td class="code"><pre>False</pre></td>
        </tr>
      
        <tr>
          <td>WSGI_APPLICATION</td>
          <td class="code"><pre>&#x27;core.wsgi.application&#x27;</pre></td>
        </tr>
      
        <tr>
          <td>X_FRAME_OPTIONS</td>
          <td class="code"><pre>&#x27;DENY&#x27;</pre></td>
        </tr>
      
        <tr>
          <td>YEAR_MONTH_FORMAT</td>
          <td class="code"><pre>&#x27;F Y&#x27;</pre></td>
        </tr>
      
    </tbody>
  </table>

</div>
</main>


  <footer id="explanation">
    <p>
      You’re seeing this error because you have <code>DEBUG = True</code> in your
      Django settings file. Change that to <code>False</code>, and Django will
      display a standard page generated by the handler for this status code.
    </p>
  </footer>

</body>
</html>

Aborting full load test due to debug failure.
